// Jest Snapshot v1, https://goo.gl/fbAQLP

exports[`Renders Cell matches snapshot 1`] = `
<div>
  <td
    class="Cell Cell-lit"
  />
</div>
`;
